---
source: autospy_macro/src/generate.rs
expression: "generate_pretty(quote!\n{\n    trait TestTrait { fn function(&self, argument: impl ToString + 'static); }\n})"
---
trait TestTrait {
    fn function(&self, argument: impl ToString + 'static);
}
#[derive(Default, Clone)]
struct TestTraitSpy {
    pub function: autospy::SpyFunction<Box<dyn ToString + 'static>, ()>,
}
impl TestTrait for TestTraitSpy {
    fn function(&self, argument: impl ToString + 'static) {
        self.function.spy(Box::new(argument))
    }
}
