---
source: autospy_macro/src/generate.rs
expression: "generate_pretty(quote!\n{ trait TestTrait { fn function(&self, argument: String); } })"
---
trait TestTrait {
    fn function(&self, argument: String);
}
#[derive(Default, Clone)]
struct TestTraitSpy {
    pub function: autospy::SpyFunction<<String as ToOwned>::Owned, ()>,
}
impl TestTrait for TestTraitSpy {
    fn function(&self, argument: String) {
        self.function.spy((argument).to_owned())
    }
}
