---
source: autospy_macro/src/generate.rs
assertion_line: 75
expression: "generate_pretty(quote!\n{\n    trait TestTrait\n    {\n        fn\n        function(&self, #[some_attribute] #[autospy(ignore)] ignored: &str,\n        captured: &str);\n    }\n})"
---
trait TestTrait {
    fn function(&self, #[some_attribute] ignored: &str, captured: &str);
}
#[cfg(test)]
#[derive(Default, Clone)]
struct TestTraitSpy {
    pub function: autospy::SpyFunction<<str as ToOwned>::Owned, ()>,
}
#[cfg(test)]
impl TestTrait for TestTraitSpy {
    fn function(&self, #[some_attribute] _: &str, captured: &str) {
        self.function.spy(captured.to_owned())
    }
}
