---
source: autospy_macro/src/generate.rs
expression: "generate_pretty(parse_quote!\n{\n    trait TestTrait\n    {\n        #[cfg_attr(test, autospy(String))] type Item; fn function(&self) ->\n        Self::Item;\n    }\n})"
---
trait TestTrait {
    type Item;
    fn function(&self) -> Self::Item;
}
#[cfg(test)]
#[derive(Clone)]
struct TestTraitSpy {
    pub function: autospy::SpyFunction<(), String>,
}
#[cfg(test)]
impl Default for TestTraitSpy {
    fn default() -> Self {
        Self {
            function: autospy::SpyFunction::from("function"),
        }
    }
}
#[cfg(test)]
impl TestTrait for TestTraitSpy {
    type Item = String;
    #[track_caller]
    fn function(&self) -> Self::Item {
        self.function.spy(())
    }
}
