---
source: autospy_macro/src/generate.rs
assertion_line: 141
expression: "generate_pretty(parse_quote! { trait TestTrait { fn function(&self); } })"
---
trait TestTrait {
    fn function(&self);
}
#[cfg(test)]
#[derive(Clone)]
struct TestTraitSpy {
    pub function: autospy::SpyFunction<(), ()>,
}
#[cfg(test)]
impl Default for TestTraitSpy {
    fn default() -> Self {
        Self {
            function: autospy::SpyFunction::from("function"),
        }
    }
}
#[cfg(test)]
impl TestTrait for TestTraitSpy {
    fn function(&self) {
        self.function.spy(())
    }
}
