---
source: autospy_macro/src/generate.rs
assertion_line: 259
expression: "generate_pretty(quote!\n{\n    trait TestTrait\n    {\n        #[cfg_attr(test, autospy(returns = \"String\"))] fn function(&self) ->\n        impl ToString;\n    }\n})"
---
trait TestTrait {
    fn function(&self) -> impl ToString;
}
#[cfg(test)]
#[derive(Default, Clone)]
struct TestTraitSpy {
    pub function: autospy::SpyFunction<(), String>,
}
#[cfg(test)]
impl TestTrait for TestTraitSpy {
    fn function(&self) -> impl ToString {
        self.function.spy(())
    }
}
